==========================================================
EXPERIMENT ON MNIST
==========================================================

[*] Execute: configs/mnist/cnn.yaml
----------------------------------------------------------
[*] Device: cuda
[*] Loading dataset MNIST...
[*] Initial model CNN...
[*] Training...

Epoch 1/100
--------------------
Train Loss: 0.4379 | Train Acc: 0.8667
Val Loss:   0.0731 | Val Acc:   0.9776
Validation loss decreased. Saving model to outputs/checkpoints/mnist_cnn_best.pth ...

Epoch 2/100
--------------------
Train Loss: 0.1057 | Train Acc: 0.9678
Val Loss:   0.0530 | Val Acc:   0.9830
Validation loss decreased. Saving model to outputs/checkpoints/mnist_cnn_best.pth ...

Epoch 3/100
--------------------
Train Loss: 0.0744 | Train Acc: 0.9767
Val Loss:   0.0413 | Val Acc:   0.9871
Validation loss decreased. Saving model to outputs/checkpoints/mnist_cnn_best.pth ...

Epoch 4/100
--------------------
Train Loss: 0.0593 | Train Acc: 0.9820
Val Loss:   0.0336 | Val Acc:   0.9891
Validation loss decreased. Saving model to outputs/checkpoints/mnist_cnn_best.pth ...

Epoch 5/100
--------------------
Train Loss: 0.0503 | Train Acc: 0.9840
Val Loss:   0.0294 | Val Acc:   0.9903
Validation loss decreased. Saving model to outputs/checkpoints/mnist_cnn_best.pth ...

Epoch 6/100
--------------------
Train Loss: 0.0433 | Train Acc: 0.9857
Val Loss:   0.0302 | Val Acc:   0.9902
EarlyStopping counter: 1 out of 5

Epoch 7/100
--------------------
Train Loss: 0.0399 | Train Acc: 0.9875
Val Loss:   0.0296 | Val Acc:   0.9900
EarlyStopping counter: 2 out of 5

Epoch 8/100
--------------------
Train Loss: 0.0351 | Train Acc: 0.9889
Val Loss:   0.0245 | Val Acc:   0.9922
Validation loss decreased. Saving model to outputs/checkpoints/mnist_cnn_best.pth ...

Epoch 9/100
--------------------
Train Loss: 0.0313 | Train Acc: 0.9899
Val Loss:   0.0290 | Val Acc:   0.9903
EarlyStopping counter: 1 out of 5

Epoch 10/100
--------------------
Train Loss: 0.0294 | Train Acc: 0.9906
Val Loss:   0.0218 | Val Acc:   0.9926
Validation loss decreased. Saving model to outputs/checkpoints/mnist_cnn_best.pth ...

Epoch 11/100
--------------------
Train Loss: 0.0268 | Train Acc: 0.9913
Val Loss:   0.0234 | Val Acc:   0.9928
EarlyStopping counter: 1 out of 5

Epoch 12/100
--------------------
Train Loss: 0.0247 | Train Acc: 0.9920
Val Loss:   0.0226 | Val Acc:   0.9922
EarlyStopping counter: 2 out of 5

Epoch 13/100
--------------------
Train Loss: 0.0222 | Train Acc: 0.9930
Val Loss:   0.0217 | Val Acc:   0.9928
Validation loss decreased. Saving model to outputs/checkpoints/mnist_cnn_best.pth ...

Epoch 14/100
--------------------
Train Loss: 0.0200 | Train Acc: 0.9935
Val Loss:   0.0258 | Val Acc:   0.9918
EarlyStopping counter: 1 out of 5

Epoch 15/100
--------------------
Train Loss: 0.0192 | Train Acc: 0.9937
Val Loss:   0.0246 | Val Acc:   0.9918
EarlyStopping counter: 2 out of 5

Epoch 16/100
--------------------
Train Loss: 0.0176 | Train Acc: 0.9943
Val Loss:   0.0218 | Val Acc:   0.9925
EarlyStopping counter: 3 out of 5

Epoch 17/100
--------------------
Train Loss: 0.0160 | Train Acc: 0.9949
Val Loss:   0.0209 | Val Acc:   0.9936
Validation loss decreased. Saving model to outputs/checkpoints/mnist_cnn_best.pth ...

Epoch 18/100
--------------------
Train Loss: 0.0154 | Train Acc: 0.9947
Val Loss:   0.0278 | Val Acc:   0.9912
EarlyStopping counter: 1 out of 5

Epoch 19/100
--------------------
Train Loss: 0.0149 | Train Acc: 0.9951
Val Loss:   0.0209 | Val Acc:   0.9938
Validation loss decreased. Saving model to outputs/checkpoints/mnist_cnn_best.pth ...

Epoch 20/100
--------------------
Train Loss: 0.0132 | Train Acc: 0.9957
Val Loss:   0.0198 | Val Acc:   0.9938
Validation loss decreased. Saving model to outputs/checkpoints/mnist_cnn_best.pth ...

Epoch 21/100
--------------------
Train Loss: 0.0127 | Train Acc: 0.9960
Val Loss:   0.0216 | Val Acc:   0.9936
EarlyStopping counter: 1 out of 5

Epoch 22/100
--------------------
Train Loss: 0.0127 | Train Acc: 0.9957
Val Loss:   0.0246 | Val Acc:   0.9929
EarlyStopping counter: 2 out of 5

Epoch 23/100
--------------------
Train Loss: 0.0111 | Train Acc: 0.9962
Val Loss:   0.0250 | Val Acc:   0.9921
EarlyStopping counter: 3 out of 5

Epoch 24/100
--------------------
Train Loss: 0.0114 | Train Acc: 0.9962
Val Loss:   0.0240 | Val Acc:   0.9920
EarlyStopping counter: 4 out of 5

Epoch 25/100
--------------------
Train Loss: 0.0102 | Train Acc: 0.9966
Val Loss:   0.0234 | Val Acc:   0.9924
EarlyStopping counter: 5 out of 5
Early stopping triggered!

Loading best model weights from outputs/checkpoints/mnist_cnn_best.pth
[-] Error: configs/mnist/cnn.yaml

[*] Execute: configs/mnist/deit.yaml
----------------------------------------------------------
[*] Device: cuda
[*] Loading dataset MNIST...
[*] Initial model DEIT...
[*] Training...

Epoch 1/100
--------------------
Train Loss: 1.3221 | Train Acc: 0.4967
Val Loss:   0.6922 | Val Acc:   0.7552
Validation loss decreased. Saving model to outputs/checkpoints/mnist_deit_best.pth ...

Epoch 2/100
--------------------
